false
false
false
false
true
true
true
true
true
true
true

------------------------------

test
test.html
test.html
test.html
test.html
test.html
test.html

------------------------------
