/page1.html - 1 hits                                          
/page2.html - 1 hits                                          

------------------------------                                
                                                              
/page11.html :                                                
 -  http://intranet-if.insa-lyon.fr/page2.html, 1             
/page3.html :                                                 
 -  http://intranet-if.insa-lyon.fr/page3.html, 1             
/page8.html :                                                 
 -  http://intranet-if.insa-lyon.fr/page2.html, 1             
/page2.html :                                                 
 -  http://intranet-if.insa-lyon.fr/page4.html, 1             
 -  http://intranet-if.insa-lyon.fr/page1.html, 3             
/page10.html :                                                
 -  http://intranet-if.insa-lyon.fr/page1.html, 1             
/page4.html :                                                 
 -  http://intranet-if.insa-lyon.fr/page1.html, 1             
/page1.html :                                                 
 -  http://intranet-if.insa-lyon.fr/page2.html, 1             
 -  http://intranet-if.insa-lyon.fr/page3.html, 1             
/page5.html :                                                 
 -  http://intranet-if.insa-lyon.fr/page2.html, 1             
/page6.html :                                                  
 -  http://intranet-if.insa-lyon.fr/page3.html, 1             
/page7.html :                                                 
 -  http://intranet-if.insa-lyon.fr/page1.html, 1             
/page9.html :                                                 
 -  http://intranet-if.insa-lyon.fr/page3.html, 1                                                             
                                                              
------------------------------                                
                                                              
                                                              
------------------------------                                
                    
/page2.html - 4 hits                                          
/page1.html - 2 hits                                          
/page3.html - 1 hits                                          
/page8.html - 1 hits                                          
/page10.html - 1 hits                                         
/page4.html - 1 hits                                          
/page5.html - 1 hits                                          
/page6.html - 1 hits                                           
/page7.html - 1 hits                                          
/page9.html - 1 hits                                                                                 
                                                              
------------------------------                                
                                                              
                                                              
------------------------------                                
                                                              