2 lignes
192.168.0.1 - - [8/Sep/2012:11:15:0 200] "GET /page2.html HTTP/1.1" 200 2000 "http://intranet-if.insa-lyon.fr/page1.html" "Mozilla/5.0" 
192.168.0.1 - - [8/Sep/2012:11:37:0 200] "GET /page1.html HTTP/1.1" 200 1000 "http://intranet-if.insa-lyon.fr/page3.html" "Mozilla/5.0" 

------------------------------

0 lignes

------------------------------

1 lignes
192.168.0.1 - - [8/Sep/2012:11:15:0 200] "GET /page2.html HTTP/1.1" 200 0 "-" "Mozilla/5.0" 

------------------------------
